J:\simplewebsites\simplewebsites\sites\awesome-free-tools\__tests__\app.test.js
FAIL: TOOLS_DATA has 50 categories
Error: expect(received).toBe(expected) // Object.is equality

Expected: 50
Received: 60
    at Object.toBe (J:\simplewebsites\simplewebsites\sites\awesome-free-tools\__tests__\app.test.js:9:63)
    at Promise.then.completed (J:\simplewebsites\simplewebsites\node_modules\jest-circus\build\utils.js:298:28)
    at new Promise (<anonymous>)
    at callAsyncCircusFn (J:\simplewebsites\simplewebsites\node_modules\jest-circus\build\utils.js:231:10)
    at _callCircusTest (J:\simplewebsites\simplewebsites\node_modules\jest-circus\build\run.js:316:40)
    at processTicksAndRejections (node:internal/process/task_queues:104:5)
    at _runTest (J:\simplewebsites\simplewebsites\node_modules\jest-circus\build\run.js:252:3)
    at _runTestsForDescribeBlock (J:\simplewebsites\simplewebsites\node_modules\jest-circus\build\run.js:126:9)
    at _runTestsForDescribeBlock (J:\simplewebsites\simplewebsites\node_modules\jest-circus\build\run.js:121:9)
    at run (J:\simplewebsites\simplewebsites\node_modules\jest-circus\build\run.js:71:3)
    at runAndTransformResultsToJestFormat (J:\simplewebsites\simplewebsites\node_modules\jest-circus\build\legacy-code-todo-rewrite\jestAdapterInit.js:122:21)
    at jestAdapter (J:\simplewebsites\simplewebsites\node_modules\jest-circus\build\legacy-code-todo-rewrite\jestAdapter.js:79:19)
    at runTestInternal (J:\simplewebsites\simplewebsites\node_modules\jest-runner\build\runTest.js:367:16)
    at runTest (J:\simplewebsites\simplewebsites\node_modules\jest-runner\build\runTest.js:444:34)

J:\simplewebsites\simplewebsites\sites\awesome-free-tools\__tests__\app.test.js
FAIL: init() renders categories into the grid
TypeError: Cannot read properties of null (reading 'addEventListener')
    at addEventListener (J:\simplewebsites\simplewebsites\sites\awesome-free-tools\app.js:3469:12)
    at Object.init (J:\simplewebsites\simplewebsites\sites\awesome-free-tools\__tests__\app.test.js:45:5)
    at Promise.then.completed (J:\simplewebsites\simplewebsites\node_modules\jest-circus\build\utils.js:298:28)
    at new Promise (<anonymous>)
    at callAsyncCircusFn (J:\simplewebsites\simplewebsites\node_modules\jest-circus\build\utils.js:231:10)
    at _callCircusTest (J:\simplewebsites\simplewebsites\node_modules\jest-circus\build\run.js:316:40)
    at processTicksAndRejections (node:internal/process/task_queues:104:5)
    at _runTest (J:\simplewebsites\simplewebsites\node_modules\jest-circus\build\run.js:252:3)
    at _runTestsForDescribeBlock (J:\simplewebsites\simplewebsites\node_modules\jest-circus\build\run.js:126:9)
    at _runTestsForDescribeBlock (J:\simplewebsites\simplewebsites\node_modules\jest-circus\build\run.js:121:9)
    at run (J:\simplewebsites\simplewebsites\node_modules\jest-circus\build\run.js:71:3)
    at runAndTransformResultsToJestFormat (J:\simplewebsites\simplewebsites\node_modules\jest-circus\build\legacy-code-todo-rewrite\jestAdapterInit.js:122:21)
    at jestAdapter (J:\simplewebsites\simplewebsites\node_modules\jest-circus\build\legacy-code-todo-rewrite\jestAdapter.js:79:19)
    at runTestInternal (J:\simplewebsites\simplewebsites\node_modules\jest-runner\build\runTest.js:367:16)
    at runTest (J:\simplewebsites\simplewebsites\node_modules\jest-runner\build\runTest.js:444:34)

J:\simplewebsites\simplewebsites\sites\invoice-generator\__tests__\app.test.js
FAIL: updatePreview() calculates subtotal and total
Error: expect(received).toBe(expected) // Object.is equality

Expected: "$500.00"
Received: "$0.00"
    at Object.toBe (J:\simplewebsites\simplewebsites\sites\invoice-generator\__tests__\app.test.js:24:66)
    at Promise.then.completed (J:\simplewebsites\simplewebsites\node_modules\jest-circus\build\utils.js:298:28)
    at new Promise (<anonymous>)
    at callAsyncCircusFn (J:\simplewebsites\simplewebsites\node_modules\jest-circus\build\utils.js:231:10)
    at _callCircusTest (J:\simplewebsites\simplewebsites\node_modules\jest-circus\build\run.js:316:40)
    at _runTest (J:\simplewebsites\simplewebsites\node_modules\jest-circus\build\run.js:252:3)
    at _runTestsForDescribeBlock (J:\simplewebsites\simplewebsites\node_modules\jest-circus\build\run.js:126:9)
    at _runTestsForDescribeBlock (J:\simplewebsites\simplewebsites\node_modules\jest-circus\build\run.js:121:9)
    at run (J:\simplewebsites\simplewebsites\node_modules\jest-circus\build\run.js:71:3)
    at runAndTransformResultsToJestFormat (J:\simplewebsites\simplewebsites\node_modules\jest-circus\build\legacy-code-todo-rewrite\jestAdapterInit.js:122:21)
    at jestAdapter (J:\simplewebsites\simplewebsites\node_modules\jest-circus\build\legacy-code-todo-rewrite\jestAdapter.js:79:19)
    at runTestInternal (J:\simplewebsites\simplewebsites\node_modules\jest-runner\build\runTest.js:367:16)
    at runTest (J:\simplewebsites\simplewebsites\node_modules\jest-runner\build\runTest.js:444:34)

J:\simplewebsites\simplewebsites\sites\invoice-generator\__tests__\app.test.js
FAIL: addItem() adds an item
TypeError: Cannot read properties of null (reading 'children')
    at Object.<anonymous> (J:\simplewebsites\simplewebsites\sites\invoice-generator\__tests__\app.test.js:34:49)
    at Promise.then.completed (J:\simplewebsites\simplewebsites\node_modules\jest-circus\build\utils.js:298:28)
    at new Promise (<anonymous>)
    at callAsyncCircusFn (J:\simplewebsites\simplewebsites\node_modules\jest-circus\build\utils.js:231:10)
    at _callCircusTest (J:\simplewebsites\simplewebsites\node_modules\jest-circus\build\run.js:316:40)
    at _runTest (J:\simplewebsites\simplewebsites\node_modules\jest-circus\build\run.js:252:3)
    at _runTestsForDescribeBlock (J:\simplewebsites\simplewebsites\node_modules\jest-circus\build\run.js:126:9)
    at _runTestsForDescribeBlock (J:\simplewebsites\simplewebsites\node_modules\jest-circus\build\run.js:121:9)
    at run (J:\simplewebsites\simplewebsites\node_modules\jest-circus\build\run.js:71:3)
    at runAndTransformResultsToJestFormat (J:\simplewebsites\simplewebsites\node_modules\jest-circus\build\legacy-code-todo-rewrite\jestAdapterInit.js:122:21)
    at jestAdapter (J:\simplewebsites\simplewebsites\node_modules\jest-circus\build\legacy-code-todo-rewrite\jestAdapter.js:79:19)
    at runTestInternal (J:\simplewebsites\simplewebsites\node_modules\jest-runner\build\runTest.js:367:16)
    at runTest (J:\simplewebsites\simplewebsites\node_modules\jest-runner\build\runTest.js:444:34)

